node.exe : FAIL 
tests/popup.test.js
At line:1 char:1
+ & "C:\Program 
Files\nodejs/node.exe" 
"C:\Program 
Files\nodejs/node_mo ...
+ ~~~~~~~~~~~~~~~~~~~~~~~~~~~~~
~~~~~~~~~~~~~~~~~~~~~~~~~~~~~~~
~~~~~~~~~
    + CategoryInfo          :  
   NotSpecified: (FAIL tests/  
  popup.test.js:String) [],    
 RemoteException
    + FullyQualifiedErrorId :  
   NativeCommandError
 
  ΓùÅ Test suite failed to run

    TypeError: Cannot read 
properties of undefined 
(reading 
'testEnvironmentOptions')

      at new 
BaseJSDOMEnvironment (node_modu
les/@jest/environment-jsdom-abs
tract/build/index.js:89:47)
      at async 
TestScheduler.scheduleTests (no
de_modules/@jest/core/build/Tes
tScheduler.js:333:13)
      at async runJest (node_mo
dules/@jest/core/build/runJest.
js:404:19)
      at async _run10000 (node_
modules/@jest/core/build/cli/in
dex.js:320:7)
      at async runCLI (node_mod
ules/@jest/core/build/cli/index
.js:173:3)

Test Suites: 1 failed, 1 total
Tests:       0 total
Snapshots:   0 total
Time:        0.516 s
Ran all test suites matching 
/tests\\popup.test.js/i.
